========================================================================================================
BANC DETERMINISTE - plafond 100 appels au solveur ENTIER, 90 instances
========================================================================================================
instance                   reproductible  prouve A/B              q_lb A/B     q_ub A     q_ub B  lemme  verdict
--------------------------------------------------------------------------------------------------------
molfp_n10_m6_p3_c000_s1              ouiT/         T    37.6667    37.6667    37.6667    37.6667      0       ok
molfp_n10_m6_p3_c000_s2              ouiT/         T     4.7222     4.7222     4.7222     4.7222      0       ok
molfp_n10_m6_p3_c050_s1              ouiT/         T    37.6667    37.6667    37.6667    37.6667      0       ok
molfp_n10_m6_p3_c050_s2              ouiT/         T     4.6800     4.6800     4.6800     4.6800      0       ok
molfp_n10_m6_p3_c090_s1              ouiT/         T     5.9474     5.9474     5.9474     5.9474      0       ok
molfp_n10_m6_p3_c090_s2              ouiT/         T     3.0000     3.0000     3.0000     3.0000      0       ok
molfp_n15_m8_p3_c000_s1              ouiT/         T    32.1667    32.1667    32.1667    32.1667     11       ok
molfp_n15_m8_p3_c000_s2              ouiF/         F     4.1538     4.1538    32.9038    32.9038      1       ok
molfp_n15_m8_p3_c050_s1              ouiT/         T    12.6667    12.6667    12.6667    12.6667      0       ok
molfp_n15_m8_p3_c050_s2              ouiT/         T    13.2500    13.2500    13.2500    13.2500      0       ok
molfp_n15_m8_p3_c090_s1              ouiT/         T     2.1765     2.1765     2.1765     2.1765      0       ok
molfp_n15_m8_p3_c090_s2              ouiT/         T     5.5667     5.5667     5.5667     5.5667      0       ok
molfp_n20_m11_p3_c000_s1             ouiF/         F     3.0200     3.0200   223.9483   223.9483      0       ok
molfp_n20_m11_p3_c000_s2             ouiF/         F     7.8500     7.8500    20.1250    20.1250      0       ok
molfp_n20_m11_p3_c050_s1             ouiF/         F     2.1569     2.1569    22.9298    22.9298      0       ok
molfp_n20_m11_p3_c050_s2             ouiT/         T    17.0000    17.0000    17.0000    17.0000      0       ok
molfp_n20_m11_p3_c090_s1             ouiT/         T     2.1569     2.1569     2.1569     2.1569      0       ok
molfp_n20_m11_p3_c090_s2             ouiT/         T    11.9000    11.9000    11.9000    11.9000      0       ok
molfp_n5_m3_p2_c000_s1               ouiT/         T    13.2000    13.2000    13.2000    13.2000      0       ok
molfp_n5_m3_p2_c000_s2               ouiT/         T    10.5909    10.5909    10.5909    10.5909      2       ok
molfp_n5_m3_p2_c050_s1               ouiT/         T    13.2000    13.2000    13.2000    13.2000      0       ok
molfp_n5_m3_p2_c050_s2               ouiT/         T     4.6000     4.6000     4.6000     4.6000      0       ok
molfp_n5_m3_p2_c090_s1               ouiT/         T    13.2000    13.2000    13.2000    13.2000      0       ok
molfp_n5_m3_p2_c090_s2               ouiT/         T     4.6000     4.6000     4.6000     4.6000      0       ok
molfp_n5_m3_p3_c000_s1               ouiT/         T     4.7059     4.7059     4.7059     4.7059      0       ok
molfp_n5_m3_p3_c000_s2               ouiT/         T     7.1818     7.1818     7.1818     7.1818      0       ok
molfp_n5_m3_p3_c050_s1               ouiT/         T     4.7059     4.7059     4.7059     4.7059      0       ok
molfp_n5_m3_p3_c050_s2               ouiT/         T     7.0714     7.0714     7.0714     7.0714      0       ok
molfp_n5_m3_p3_c090_s1               ouiT/         T     3.2500     3.2500     3.2500     3.2500      0       ok
molfp_n5_m3_p3_c090_s2               ouiT/         T     6.4286     6.4286     6.4286     6.4286      0       ok
molfp_n5_m3_p4_c000_s1               ouiT/         T    12.8750    12.8750    12.8750    12.8750      6       ok
molfp_n5_m3_p4_c000_s2               ouiF/         F     3.3061     3.3061     3.9592     3.9592      0       ok
molfp_n5_m3_p4_c050_s1               ouiT/         T     7.3125     7.3125     7.3125     7.3125      0       ok
molfp_n5_m3_p4_c050_s2               ouiT/         T     5.5294     5.5294     5.5294     5.5294      0       ok
molfp_n5_m3_p4_c090_s1               ouiT/         T     6.0000     6.0000     6.0000     6.0000      0       ok
molfp_n5_m3_p4_c090_s2               ouiT/         T     5.5294     5.5294     5.5294     5.5294      0       ok
molfp_n6_m4_p2_c000_s1               ouiT/         T     2.3846     2.3846     2.3846     2.3846      0       ok
molfp_n6_m4_p2_c000_s2               ouiT/         T     7.3125     7.3125     7.3125     7.3125      0       ok
molfp_n6_m4_p2_c050_s1               ouiT/         T     2.0000     2.0000     2.0000     2.0000      0       ok
molfp_n6_m4_p2_c050_s2               ouiT/         T     5.8333     5.8333     5.8333     5.8333      0       ok
molfp_n6_m4_p2_c090_s1               ouiT/         T     0.9286     0.9286     0.9286     0.9286      0       ok
molfp_n6_m4_p2_c090_s2               ouiT/         T     1.9615     1.9615     1.9615     1.9615      0       ok
molfp_n6_m4_p3_c000_s1               ouiT/         T     5.9444     5.9444     5.9444     5.9444      6       ok
molfp_n6_m4_p3_c000_s2               ouiT/         T    11.5000    11.5000    11.5000    11.5000      9       ok
molfp_n6_m4_p3_c050_s1               ouiT/         T     5.7778     5.7778     5.7778     5.7778      3       ok
molfp_n6_m4_p3_c050_s2               ouiT/         T     3.5385     3.5385     3.5385     3.5385      0       ok
molfp_n6_m4_p3_c090_s1               ouiT/         T     5.3125     5.3125     5.3125     5.3125      0       ok
molfp_n6_m4_p3_c090_s2               ouiT/         T     2.0625     2.0625     2.0625     2.0625      0       ok
molfp_n6_m4_p4_c000_s1               ouiT/         T    37.7500    37.7500    37.7500    37.7500     11       ok
molfp_n6_m4_p4_c000_s2               ouiT/         T    10.7143    10.7143    10.7143    10.7143      0       ok
molfp_n6_m4_p4_c050_s1               ouiT/         T    18.0000    18.0000    18.0000    18.0000      0       ok
molfp_n6_m4_p4_c050_s2               ouiT/         T    10.7143    10.7143    10.7143    10.7143      0       ok
molfp_n6_m4_p4_c090_s1               ouiT/         T     3.4583     3.4583     3.4583     3.4583      0       ok
molfp_n6_m4_p4_c090_s2               ouiT/         T     8.7273     8.7273     8.7273     8.7273      0       ok
molfp_n7_m4_p2_c000_s1               ouiT/         T     1.1034     1.1034     1.1034     1.1034      0       ok
molfp_n7_m4_p2_c000_s2               ouiT/         T     4.8333     4.8333     4.8333     4.8333      0       ok
molfp_n7_m4_p2_c050_s1               ouiT/         T     5.3333     5.3333     5.3333     5.3333      0       ok
molfp_n7_m4_p2_c050_s2               ouiF/         F     4.8000     4.8000     5.6000     5.6000      0       ok
molfp_n7_m4_p2_c090_s1               ouiT/         T     3.0000     3.0000     3.0000     3.0000      0       ok
molfp_n7_m4_p2_c090_s2               ouiT/         T     1.4375     1.4375     1.4375     1.4375      0       ok
molfp_n7_m4_p3_c000_s1               ouiT/         T     4.6250     4.6250     4.6250     4.6250      0       ok
molfp_n7_m4_p3_c000_s2               ouiT/         T    32.6667    32.6667    32.6667    32.6667      3       ok
molfp_n7_m4_p3_c050_s1               ouiT/         T     4.7500     4.7500     4.7500     4.7500      0       ok
molfp_n7_m4_p3_c050_s2               ouiT/         T    32.6667    32.6667    32.6667    32.6667      6       ok
molfp_n7_m4_p3_c090_s1               ouiT/         T     4.6250     4.6250     4.6250     4.6250      0       ok
molfp_n7_m4_p3_c090_s2               ouiT/         T     2.6957     2.6957     2.6957     2.6957      0       ok
molfp_n7_m4_p4_c000_s1               ouiT/         T    16.5000    16.5000    16.5000    16.5000      4       ok
molfp_n7_m4_p4_c000_s2               ouiT/         T    34.6667    34.6667    34.6667    34.6667     10       ok
molfp_n7_m4_p4_c050_s1               ouiT/         T     6.0000     6.0000     6.0000     6.0000      0       ok
molfp_n7_m4_p4_c050_s2               ouiT/         T     5.0000     5.0000     5.0000     5.0000      0       ok
molfp_n7_m4_p4_c090_s1               ouiT/         T     6.0000     6.0000     6.0000     6.0000      0       ok
molfp_n7_m4_p4_c090_s2               ouiT/         T     5.0000     5.0000     5.0000     5.0000      0       ok
molfp_n8_m5_p2_c000_s1               ouiT/         T     4.2692     4.2692     4.2692     4.2692      0       ok
molfp_n8_m5_p2_c000_s2               ouiT/         T     4.0833     4.0833     4.0833     4.0833      0       ok
molfp_n8_m5_p2_c050_s1               ouiT/         T     3.2727     3.2727     3.2727     3.2727      0       ok
molfp_n8_m5_p2_c050_s2               ouiT/         T     2.4583     2.4583     2.4583     2.4583      0       ok
molfp_n8_m5_p2_c090_s1               ouiT/         T     1.8571     1.8571     1.8571     1.8571      0       ok
molfp_n8_m5_p2_c090_s2               ouiT/         T     0.8095     0.8095     0.8095     0.8095      0       ok
molfp_n8_m5_p3_c000_s1               ouiT/         T     3.1739     3.1739     3.1739     3.1739      0       ok
molfp_n8_m5_p3_c000_s2               ouiT/         T    10.5000    10.5000    10.5000    10.5000      0       ok
molfp_n8_m5_p3_c050_s1               ouiT/         T     3.9474     3.9474     3.9474     3.9474      0       ok
molfp_n8_m5_p3_c050_s2               ouiT/         T     6.7500     6.7500     6.7500     6.7500      0       ok
molfp_n8_m5_p3_c090_s1               ouiT/         T     0.4545     0.4545     0.4545     0.4545      0       ok
molfp_n8_m5_p3_c090_s2               ouiT/         T     6.7500     6.7500     6.7500     6.7500      0       ok
molfp_n8_m5_p4_c000_s1               ouiT/         T     6.4286     6.4286     6.4286     6.4286      0       ok
molfp_n8_m5_p4_c000_s2               ouiT/         T     3.2414     3.2414     3.2414     3.2414      0       ok
molfp_n8_m5_p4_c050_s1               ouiT/         T     3.0000     3.0000     3.0000     3.0000      0       ok
molfp_n8_m5_p4_c050_s2               ouiT/         T     2.9024     2.9024     2.9024     2.9024      0       ok
molfp_n8_m5_p4_c090_s1               ouiT/         T     1.5000     1.5000     1.5000     1.5000      0       ok
molfp_n8_m5_p4_c090_s2               ouiT/         T     2.6552     2.6552     2.6552     2.6552      0       ok
--------------------------------------------------------------------------------------------------------
  REPRODUCTIBILITE : 90/90 instances identiques d'une execution a l'autre
  preuves : gagnees 0   perdues 0   inchangees 90
  reculs   : valeur 0   borne superieure 0
  => a budget d'appels EGAL, aucune instance en recul, sur les 90 testees.
=== DET100 FINI ===
