========================================================================================================
METHODE COMPLETE, plafonds [300, 900] - d'ou vient le gain ?
========================================================================================================
   n  corr  gr   q_lb@300   q_lb@900   q_ub@300   q_ub@900  ecart@300  ecart@900    gain   du LB   du UB
--------------------------------------------------------------------------------------------------------
  20  0.00   1     3.1489     3.1489     16.400     10.000      80.8%      68.5%  +12.29   +0.00  +12.29
  20  0.00   2    12.4000    15.5000     20.875     19.750      40.6%      21.5%  +19.08  +14.85   +4.23
  20  0.50   1     2.1569     2.1569      2.157      2.157       0.0%       0.0%   +0.00   +0.00   +0.00
  20  0.50   2    17.0000    17.0000     17.000     17.000       0.0%       0.0%   +0.00   +0.00   +0.00
  30  0.00   1     4.3871     4.3871     20.500     15.105      78.6%      71.0%   +7.64   +0.00   +7.64
  30  0.00   2    32.2500    34.2500     42.250     40.250      23.7%      14.9%   +8.76   +4.73   +4.03
  30  0.50   1     3.1613     3.1613      3.200      3.161       1.2%       0.0%   +1.21   +0.00   +1.21
  30  0.50   2    37.7500    37.7500     43.750     37.750      13.7%       0.0%  +13.71   +0.00  +13.71
  40  0.00   1     3.5750     5.3478    103.500     84.000      96.5%      93.6%   +2.91   +1.71   +1.20
  40  0.00   2     3.7170     3.7170     29.250     24.000      87.3%      84.5%   +2.78   +0.00   +2.78
HighsMipSolverData::transformNewIntegerFeasibleSolution tmpSolver.run();
HighsMipSolverData::transformNewIntegerFeasibleSolution tmpSolver.run();
  40  0.50   1     7.8421     7.8421      7.842      7.842       0.0%       0.0%   +0.00   +0.00   +0.00
  40  0.50   2     3.0196     3.0196      5.385      3.705      43.9%      18.5%  +25.43   +0.00  +25.43
--------------------------------------------------------------------------------------------------------
  points d'ecart gagnes en triplant le plafond : median +5.28   moyen +7.82   max +25.43
  dont imputables a l'INCUMBENT : median +0.00   moyen +1.77   max +14.85
  dont imputables a la BORNE    : median +3.40   moyen +6.04   max +25.43
  repartition de l'effort utile : incumbent 23 %   borne 77 %
