================================================================================================================
ECHELLE SOUS PLAFOND DETERMINISTE DE 100 APPELS  [V* S* D*]
================================================================================================================
   n   corr  gr   ecart sans   ecart avec    delta    lb sans    lb avec     ub sans     ub avec  det
----------------------------------------------------------------------------------------------------------------
  30   0.00   1        96.3%        95.6%    +0.67      2.211      2.211       59.00       50.01   ok
  30   0.00   2        80.6%        77.8%    +2.82      9.952      9.952       51.25       44.75   ok
  30   0.50   1        30.4%         8.4%   +21.98      3.079      3.079        4.42        3.36   ok
  30   0.50   2        22.6%        16.6%    +5.99     37.750     37.750       48.75       45.25   ok
  30   0.90   1        35.3%         0.0%   +35.34      3.161      3.161        4.89        3.16   ok
  30   0.90   2        49.2%         0.0%   +49.16      4.494      4.494        8.84        4.49   ok
  40   0.00   1        93.3%        93.3%    +0.00      3.800      3.800       56.75       56.75   ok
  40   0.00   2        93.7%        93.7%    +0.00      3.717      3.717       59.14       59.14   ok
HighsMipSolverData::transformNewIntegerFeasibleSolution tmpSolver.run();
HighsMipSolverData::transformNewIntegerFeasibleSolution tmpSolver.run();
HighsMipSolverData::transformNewIntegerFeasibleSolution tmpSolver.run();
HighsMipSolverData::transformNewIntegerFeasibleSolution tmpSolver.run();
HighsMipSolverData::transformNewIntegerFeasibleSolution tmpSolver.run();
HighsMipSolverData::transformNewIntegerFeasibleSolution tmpSolver.run();
HighsMipSolverData::transformNewIntegerFeasibleSolution tmpSolver.run();
HighsMipSolverData::transformNewIntegerFeasibleSolution tmpSolver.run();
  40   0.50   1        44.9%        58.8%   -13.94      4.598      3.435        8.34        8.34   ok
  40   0.50   2        66.0%        69.3%    -3.29      2.615      2.574        7.70        8.39   ok
  40   0.90   1        22.9%         0.0%   +22.92      4.197      4.197        5.44        4.20   ok
  40   0.90   2        39.2%        48.2%    -9.03      4.141      4.141        6.81        8.00   ok
  50   0.00   1        76.0%        79.3%    -3.26      5.800      5.324       24.17       25.67   ok
  50   0.00   2        91.6%        91.4%    +0.21     12.292     12.292      147.00      143.33   ok
  50   0.50   1        43.1%        40.9%    +2.20      6.042      6.042       10.62       10.22   ok
  50   0.50   2        93.1%        89.4%    +3.74      9.421     11.621      136.67      109.33   ok
  50   0.90   1         0.0%         0.0%    +0.00      8.344      8.344        8.34        8.34   ok
  50   0.90   2         0.0%         0.0%    +0.00     94.000     94.000       94.00       94.00   ok
----------------------------------------------------------------------------------------------------------------
  paires retenues        : 18
  ecart garanti          : mieux 10   pire 4   egal 4
  delta d'ecart (points) : median +0.44   moyen +6.42   min -13.94   max +49.16
  optimalite prouvee     : sans 2   avec 5
  recul : preuve 0   valeur 3   borne 3
  q_lb > q_ub            : 0
  VALEUR PLUS FAIBLE : n=40 corr=0.5 gr=1  4.5976 -> 3.4348
  VALEUR PLUS FAIBLE : n=40 corr=0.5 gr=2  2.6154 -> 2.5735
  BORNE PLUS LACHE : n=40 corr=0.5 gr=2  7.703 -> 8.392
  BORNE PLUS LACHE : n=40 corr=0.9 gr=2  6.810 -> 7.997
  VALEUR PLUS FAIBLE : n=50 corr=0.0 gr=1  5.8000 -> 5.3235
  BORNE PLUS LACHE : n=50 corr=0.0 gr=1  24.167 -> 25.667

================================================================================================================
ECHELLE SOUS PLAFOND DETERMINISTE DE 300 APPELS  [V* S* D*]
================================================================================================================
   n   corr  gr   ecart sans   ecart avec    delta    lb sans    lb avec     ub sans     ub avec  det
----------------------------------------------------------------------------------------------------------------
  30   0.00   1        95.8%        80.6%   +15.28      2.462      2.380       59.00       12.24   ok
  30   0.00   2        64.9%        63.7%    +1.23     15.538     15.538       44.25       42.75   ok
  30   0.50   1         5.3%         0.0%    +5.26      3.161      3.161        3.34        3.16   ok
  30   0.50   2         9.6%        13.7%    -4.13     37.750     37.750       41.75       43.75   ok
  30   0.90   1        33.1%         0.0%   +33.13      3.161      3.161        4.73        3.16   ok
  30   0.90   2        37.2%         0.0%   +37.20      4.494      4.494        7.16        4.49   ok
  40   0.00   1        90.8%        90.4%    +0.47      4.704      4.704       51.25       48.75   ok
  40   0.00   2        91.7%        85.2%    +6.50      4.044      4.044       48.86       27.38   ok
HighsMipSolverData::transformNewIntegerFeasibleSolution tmpSolver.run();
HighsMipSolverData::transformNewIntegerFeasibleSolution tmpSolver.run();
HighsMipSolverData::transformNewIntegerFeasibleSolution tmpSolver.run();
HighsMipSolverData::transformNewIntegerFeasibleSolution tmpSolver.run();
HighsMipSolverData::transformNewIntegerFeasibleSolution tmpSolver.run();
HighsMipSolverData::transformNewIntegerFeasibleSolution tmpSolver.run();
HighsMipSolverData::transformNewIntegerFeasibleSolution tmpSolver.run();
HighsMipSolverData::transformNewIntegerFeasibleSolution tmpSolver.run();
HighsMipSolverData::transformNewIntegerFeasibleSolution tmpSolver.run();
HighsMipSolverData::transformNewIntegerFeasibleSolution tmpSolver.run();
HighsMipSolverData::transformNewIntegerFeasibleSolution tmpSolver.run();
HighsMipSolverData::transformNewIntegerFeasibleSolution tmpSolver.run();
  40   0.50   1         0.0%         0.0%    +0.00      7.842      7.842        7.84        7.84   ok
  40   0.50   2        18.2%         0.0%   +18.19      3.222      3.222        3.94        3.22   ok
  40   0.90   1         0.0%         0.0%    +0.00      4.197      4.197        4.20        4.20   ok
  40   0.90   2        35.1%        21.6%   +13.54      4.262      4.262        6.57        5.43   ok
  50   0.00   1        59.6%        59.6%    +0.00      6.926      6.926       17.12       17.12   ok
  50   0.00   2        91.7%        88.2%    +3.51     12.292     12.292      148.67      104.33   ok
  50   0.50   1        33.0%        24.2%    +8.73      6.258      6.258        9.33        8.26   ok
  50   0.50   2        24.0%        16.3%    +7.67     94.000     94.000      123.67      112.33   ok
  50   0.90   1         0.0%         0.0%    +0.00      8.344      8.344        8.34        8.34   ok
  50   0.90   2         0.0%         0.0%    +0.00     94.000     94.000       94.00       94.00   ok
----------------------------------------------------------------------------------------------------------------
  paires retenues        : 18
  ecart garanti          : mieux 12   pire 1   egal 5
  delta d'ecart (points) : median +4.39   moyen +8.14   min -4.13   max +37.20
  optimalite prouvee     : sans 4   avec 8
  recul : preuve 0   valeur 1   borne 1
  q_lb > q_ub            : 0
  VALEUR PLUS FAIBLE : n=30 corr=0.0 gr=1  2.4615 -> 2.3800
  BORNE PLUS LACHE : n=30 corr=0.5 gr=2  41.750 -> 43.750

================================================================================================================
BILAN
  plafond  100 : ecart mieux 10 / pire 4 / egal 4 sur 18   median +0.44 pt   reculs 0+3+3
  plafond  300 : ecart mieux 12 / pire 1 / egal 5 sur 18   median +4.39 pt   reculs 0+1+1
  (3554 s)

=== TERMINE ===
