========================================================================================================
COMPARAISON SUR lot_v1 - budget 12 s par methode et par instance
methodes : exact, matheuristic, hybrid
========================================================================================================
instance                     |E|           exact              matheuristic                    hybrid          
                                    valeurstatut   ILPt(s)    valeurstatut   ILPt(s)    valeurstatut   ILPt(s)
--------------------------------------------------------------------------------------------------------
molfp_n5_m3_p2_c000_s1         8   13.2000 optim    32   0   13.2000 optim    45   0   13.2000 optim    45   0
molfp_n5_m3_p2_c000_s2        27   10.5909 optim     5   0   10.5909 optim    29   0   10.5909 optim    29   0
molfp_n5_m3_p2_c050_s1         6   13.2000 optim    33   0   13.2000 optim    34   0   13.2000 optim    34   0
molfp_n5_m3_p2_c050_s2         1    4.6000 optim   141   2    4.6000 optim   156   2    4.6000 optim   156   2
molfp_n5_m3_p2_c090_s1         1   13.2000 optim    34   0   13.2000 optim    36   0   13.2000 optim    36   0
molfp_n5_m3_p2_c090_s2         1    4.6000 optim   137   1    4.6000 optim   151   2    4.6000 optim   151   2
molfp_n5_m3_p3_c000_s1        17    4.7059 optim   139   3    4.7059 optim    82   1    4.7059 optim    82   1
molfp_n5_m3_p3_c000_s2        42    7.1818 optim   214  10    7.1818 optim   202   1    7.1818 optim   202   1
molfp_n5_m3_p3_c050_s1         6    4.7059 optim    94   1    4.7059 optim    96   1    4.7059 optim    96   1
molfp_n5_m3_p3_c050_s2        17    7.0714 optim    62   1    7.0714 optim    96   1    7.0714 optim    96   1
molfp_n5_m3_p3_c090_s1         1    3.2500 optim    71   1    3.2500 optim    38   0    3.2500 optim    38   0
molfp_n5_m3_p3_c090_s2         1    6.4286 optim    41   0    6.4286 optim    61   0    6.4286 optim    61   0
molfp_n5_m3_p4_c000_s1       111   12.8750 optim     7   0   12.8750 optim   212   1   12.8750 optim   212   1
molfp_n5_m3_p4_c000_s2        54    3.1852 limit   156  13    3.3061 heuri   456  13    3.3061 limit   489  12
molfp_n5_m3_p4_c050_s1        22    7.3125 optim    73   2    7.3125 optim   145   2    7.3125 optim   145   2
molfp_n5_m3_p4_c050_s2        17    5.5294 optim    31   0    5.5294 optim    78   0    5.5294 optim    78   0
molfp_n5_m3_p4_c090_s1         1    6.0000 optim    78   2    6.0000 optim    54   0    6.0000 optim    54   0
molfp_n5_m3_p4_c090_s2         1    5.5294 optim    29   0    5.5294 optim    57   0    5.5294 optim    57   0
molfp_n6_m4_p2_c000_s1        15    2.3846 optim   236   6    2.3846 optim    55   0    2.3846 optim    55   0
molfp_n6_m4_p2_c000_s2        43    7.3125 optim    44   1    7.3125 optim    97   1    7.3125 optim    97   1
molfp_n6_m4_p2_c050_s1        20    1.2963 limit   247  12    2.0000 optim   281   7    2.0000 optim   286   7
molfp_n6_m4_p2_c050_s2        13    5.8333 optim    65   2    5.8333 optim   208   2    5.8333 optim   208   2
molfp_n6_m4_p2_c090_s1         1    0.9286 optim   133   2    0.9286 optim    35   0    0.9286 optim    35   0
molfp_n6_m4_p2_c090_s2         3    1.9615 optim    60   0    1.9615 optim    62   0    1.9615 optim    62   0
molfp_n6_m4_p3_c000_s1        88    5.9444 optim    10   0    5.9444 optim   159   1    5.9444 optim   159   1
molfp_n6_m4_p3_c000_s2       114   11.5000 optim    13   0   11.5000 optim   255   2   11.5000 optim   255   2
molfp_n6_m4_p3_c050_s1        26    5.7778 optim    25   0    5.7778 optim   221   2    5.7778 optim   221   2
molfp_n6_m4_p3_c050_s2        22    3.5385 optim   158   8    3.5385 optim   324   4    3.5385 optim   324   4
molfp_n6_m4_p3_c090_s1         1    5.3125 optim    31   0    5.3125 optim    32   0    5.3125 optim    32   0
molfp_n6_m4_p3_c090_s2         3    2.0625 optim    85   1    2.0625 optim    59   0    2.0625 optim    59   0
molfp_n6_m4_p4_c000_s1       174   37.7500 optim     7   0   37.7500 optim   231   1   37.7500 optim   231   1
molfp_n6_m4_p4_c000_s2       187   10.7143 optim    28   0   10.7143 optim   507   3   10.7143 optim   507   3
molfp_n6_m4_p4_c050_s1        29   18.0000 optim   149   8   18.0000 optim   222   2   18.0000 optim   222   2
molfp_n6_m4_p4_c050_s2       108   10.7143 optim    23   0   10.7143 optim   432   2   10.7143 optim   432   2
molfp_n6_m4_p4_c090_s1         1    3.4583 optim    99   3    3.4583 optim    53   0    3.4583 optim    53   0
molfp_n6_m4_p4_c090_s2         6    8.7273 optim    14   0    8.7273 optim   125   0    8.7273 optim   125   0
molfp_n7_m4_p2_c000_s1         1    1.1034 limit   280  12    1.1034 optim   233   8    1.1034 optim   247   9
molfp_n7_m4_p2_c000_s2         7    4.8333 optim   148   3    4.8333 optim   151   2    4.8333 optim   151   2
molfp_n7_m4_p2_c050_s1        16    5.3333 optim    26   0    5.3333 optim   165   1    5.3333 optim   165   1
molfp_n7_m4_p2_c050_s2        23    4.3913 limit   400  12    4.8333 heuri   157   3    4.8333 optim   159   3
molfp_n7_m4_p2_c090_s1         1    3.0000 optim    56   0    3.0000 optim    29   0    3.0000 optim    29   0
molfp_n7_m4_p2_c090_s2         1    1.4375 limit   336  12    1.4375 optim    44   0    1.4375 optim    44   0
molfp_n7_m4_p3_c000_s1        27    2.6190 limit   301  12    4.6250 optim   203   1    4.6250 optim   203   1
molfp_n7_m4_p3_c000_s2        32   32.6667 optim     5   0   32.6667 optim    54   0   32.6667 optim    54   0
molfp_n7_m4_p3_c050_s1        17    4.4737 limit   247  12    4.7500 optim   253   2    4.7500 optim   253   2
molfp_n7_m4_p3_c050_s2        25   32.6667 optim    57   1   32.6667 optim   181   1   32.6667 optim   181   1
molfp_n7_m4_p3_c090_s1         1    4.6250 optim    65   0    4.6250 optim    41   0    4.6250 optim    41   0
molfp_n7_m4_p3_c090_s2         1    2.6957 optim    58   1    2.6957 optim    46   0    2.6957 optim    46   0
molfp_n7_m4_p4_c000_s1        62   16.5000 optim     6   0   16.5000 optim    59   0   16.5000 optim    59   0
molfp_n7_m4_p4_c000_s2       881   34.6667 optim     7   0   34.6667 optim   251   1   34.6667 optim   251   1
molfp_n7_m4_p4_c050_s1        23    6.0000 optim   250  11    6.0000 optim   249   1    6.0000 optim   249   1
molfp_n7_m4_p4_c050_s2        30    5.0000 limit   253  12    5.0000 optim   144   3    5.0000 optim   144   3
molfp_n7_m4_p4_c090_s1         4    6.0000 optim    66   1    6.0000 optim   105   0    6.0000 optim   105   0
molfp_n7_m4_p4_c090_s2         1    5.0000 optim    63   1    5.0000 optim    88   1    5.0000 optim    88   1
molfp_n8_m5_p2_c000_s1        11    4.2692 optim   162   4    4.2692 optim   266   2    4.2692 optim   266   2
molfp_n8_m5_p2_c000_s2         9    4.0833 optim   194   7    4.0833 optim    99   1    4.0833 optim    99   1
molfp_n8_m5_p2_c050_s1         6    3.2727 optim   188   6    3.2727 optim    53   1    3.2727 optim    53   1
molfp_n8_m5_p2_c050_s2         5    1.3333 limit   207  12    2.4583 optim   116   4    2.4583 optim   116   4
molfp_n8_m5_p2_c090_s1         1    1.8571 optim   122   2    1.8571 optim    35   0    1.8571 optim    35   0
molfp_n8_m5_p2_c090_s2         1    0.8095 optim   192   5    0.8095 optim    42   0    0.8095 optim    42   0
molfp_n8_m5_p3_c000_s1        46    2.8400 limit   204  12    3.1739 optim   350  10    3.1739 limit   370  12
molfp_n8_m5_p3_c000_s2        11   10.5000 optim   116   3   10.5000 optim   123   1   10.5000 optim   123   1
molfp_n8_m5_p3_c050_s1         7    3.9474 optim   108   3    3.9474 optim   107   1    3.9474 optim   107   1
molfp_n8_m5_p3_c050_s2         8    6.7500 optim    55   0    6.7500 optim    82   0    6.7500 optim    82   0
molfp_n8_m5_p3_c090_s1         1    0.4545 optim   132   4    0.4545 optim    44   0    0.4545 optim    44   0
molfp_n8_m5_p3_c090_s2         1    6.7500 optim    69   0    6.7500 optim    38   0    6.7500 optim    38   0
molfp_n8_m5_p4_c000_s1       221    6.4286 optim    26   0    6.4286 optim   400   2    6.4286 optim   400   2
molfp_n8_m5_p4_c000_s2       152    3.2414 optim   154  10    3.2414 optim   541   4    3.2414 optim   521   4
molfp_n8_m5_p4_c050_s1         9    3.0000 limit   188  12    3.0000 optim   163   7    3.0000 optim   163   7
molfp_n8_m5_p4_c050_s2        11    2.9024 optim    91   3    2.9024 optim   117   2    2.9024 optim   117   2
molfp_n8_m5_p4_c090_s1         1    1.5000 optim    92   2    1.5000 optim    50   0    1.5000 optim    50   0
molfp_n8_m5_p4_c090_s2         1    2.6552 optim    44   0    2.6552 optim    50   0    2.6552 optim    50   0
molfp_n10_m6_p3_c000_s1       -1   37.6667 optim    11   0   37.6667 optim   175   1   37.6667 optim   175   1
molfp_n10_m6_p3_c000_s2       -1    4.7222 optim    63   2    4.7222 optim   272   2    4.7222 optim   272   2
molfp_n10_m6_p3_c050_s1       -1   37.6667 optim    11   0   37.6667 optim   131   1   37.6667 optim   131   1
molfp_n10_m6_p3_c050_s2       -1    4.6800 optim    17   0    4.6800 optim   252   3    4.6800 optim   252   3
molfp_n10_m6_p3_c090_s1       -1    5.9474 optim    45   1    5.9474 optim    80   1    5.9474 optim    80   1
molfp_n10_m6_p3_c090_s2       -1    3.0000 optim   133   5    3.0000 optim   209   2    3.0000 optim   209   2
molfp_n15_m8_p3_c000_s1       -1   32.1667 optim    13   0   32.1667 optim   195   2   32.1667 optim   195   1
molfp_n15_m8_p3_c000_s2       -1    3.7209 limit   183  12    4.1538 heuri   426  13    4.1538 limit   438  12
molfp_n15_m8_p3_c050_s1       -1    6.8333 limit   163  12   12.6667 optim   290   2   12.6667 optim   290   2
molfp_n15_m8_p3_c050_s2       -1    6.5882 limit   197  12   13.2500 optim   403   5   13.2500 optim   256   3
molfp_n15_m8_p3_c090_s1       -1    2.1765 limit   227  12    2.1765 optim    54   0    2.1765 optim    54   0
molfp_n15_m8_p3_c090_s2       -1    5.5667 optim   195   7    5.5667 optim    85   2    5.5667 optim    85   2
molfp_n20_m11_p3_c000_s1      -1    2.3509 limit   100  12    3.7317 heuri   226  13    2.6182 limit   134  12
molfp_n20_m11_p3_c000_s2      -1    7.5556 limit   120  12    8.6875 heuri   262  13    8.6875 limit   160  13
molfp_n20_m11_p3_c050_s1      -1    1.9833 limit   104  12    2.1569 heuri   295  13    2.1569 limit   295  12
molfp_n20_m11_p3_c050_s2      -1   13.7500 limit   154  12   17.0000 optim   456  12   17.0000 optim   345  11
molfp_n20_m11_p3_c090_s1      -1    2.1569 limit   133  12    2.1569 optim    45   0    2.1569 optim    45   0
molfp_n20_m11_p3_c090_s2      -1    9.8333 limit   185  12   11.9000 optim    87   1   11.9000 optim    87   1
--------------------------------------------------------------------------------------------------------
methode           optimalite prouvee   meilleure valeur   ILP median   t median   verifications KO
exact                     69/90                75/90              92       1.8s                  0
matheuristic              84/90                90/90             124       0.9s                  0
hybrid                    84/90                89/90             124       0.9s                  0

VERIFICATION C1-C4 : TOUT VALIDE
Un '!' accole a un statut signale un resultat qui n'a pas passe la
verification : la valeur annoncee ne doit alors pas etre lue.
