========================================================================================
VIVIER : CLASSEMENT COMMUN CONTRE ALTERNANCE - plafonds [300]
========================================================================================
   n  corr  gr    vivier  ecart@300  ecart@300  monotone  arch@300  arch@300  coupes s/a
----------------------------------------------------------------------------------------
  20  0.00   1    commun      88.8%      88.8%       oui        25        25     116/116
  20  0.00   1   alterne      80.8%      80.8%       oui        26        26     109/109
----------------------------------------------------------------------------------------
  20  0.00   2    commun      43.6%      43.6%       oui        28        28     107/107
  20  0.00   2   alterne      40.6%      40.6%       oui        29        29     102/102
----------------------------------------------------------------------------------------
  30  0.00   1    commun      78.6%      78.6%       oui        20        20       98/98
  30  0.00   1   alterne      78.6%      78.6%       oui        20        20       93/93
----------------------------------------------------------------------------------------
  30  0.00   2    commun      27.1%      27.1%       oui        15        15     107/107
  30  0.00   2   alterne      23.7%      23.7%       oui        39        39     106/106
----------------------------------------------------------------------------------------
  40  0.00   2    commun      87.3%      87.3%       oui        22        22       96/96
  40  0.00   2   alterne      87.3%      87.3%       oui        22        22       93/93
----------------------------------------------------------------------------------------
  40  0.50   2    commun      48.8%      48.8%       oui        16        16       91/91
  40  0.50   2   alterne      43.9%      43.9%       oui        16        16       87/87
----------------------------------------------------------------------------------------
  PLAFOND 300 : alternance MIEUX 4  PIRE 0  EGAL 2   gain median +3.24 pt   moyen +3.23 pt
  PLAFOND 300 : alternance MIEUX 4  PIRE 0  EGAL 2   gain median +3.24 pt   moyen +3.23 pt
  classement commun    : monotone sur 6/6 lignes   coupes d'archive a 300 : [25, 28, 20, 15, 22, 16]
  alternance           : monotone sur 6/6 lignes   coupes d'archive a 300 : [26, 29, 20, 39, 22, 16]
========================================================================================
VIVIER : CLASSEMENT COMMUN CONTRE ALTERNANCE - plafonds [900]
========================================================================================
   n  corr  gr    vivier  ecart@900  ecart@900  monotone  arch@900  arch@900  coupes s/a
----------------------------------------------------------------------------------------
  20  0.00   1    commun      87.6%      87.6%       oui         0         0     207/207
  20  0.00   1   alterne      68.5%      68.5%       oui        40        40     201/201
----------------------------------------------------------------------------------------
  20  0.00   2    commun      26.6%      26.6%       oui         0         0     166/166
  20  0.00   2   alterne      21.5%      21.5%       oui        40        40     162/162
----------------------------------------------------------------------------------------
  30  0.00   1    commun      92.6%      92.6%       oui         0         0     155/155
  30  0.00   1   alterne      71.0%      71.0%       oui        40        40     147/147
----------------------------------------------------------------------------------------
  30  0.00   2    commun      23.9%      23.9%       oui         0         0     168/168
  30  0.00   2   alterne      14.9%      14.9%       oui        40        40     178/178
----------------------------------------------------------------------------------------
  40  0.00   2    commun      93.3%      93.3%       oui         0         0     227/227
  40  0.00   2   alterne      84.5%      84.5%       oui        35        35     244/244
----------------------------------------------------------------------------------------
  40  0.50   2    commun      46.2%      46.2%       oui         0         0     174/174
  40  0.50   2   alterne      18.5%      18.5%       oui        36        36     177/177
----------------------------------------------------------------------------------------
  PLAFOND 900 : alternance MIEUX 6  PIRE 0  EGAL 0   gain median +14.04 pt   moyen +15.22 pt
  PLAFOND 900 : alternance MIEUX 6  PIRE 0  EGAL 0   gain median +14.04 pt   moyen +15.22 pt
  classement commun    : monotone sur 6/6 lignes   coupes d'archive a 900 : [0, 0, 0, 0, 0, 0]
  alternance           : monotone sur 6/6 lignes   coupes d'archive a 900 : [40, 40, 40, 40, 35, 36]
