============================================================================================
1. MONOTONIE EN BUDGET -- les six lignes du diagnostic, 300 -> 900
============================================================================================
   n  corr  gr  vivier        ecart@300  ecart@900  monotone
--------------------------------------------------------------------------------------------
  20   0.0   1  surrogat          77.2%      71.5%       oui
  20   0.0   1  insertion         80.8%      68.5%       oui
--------------------------------------------------------------------------------------------
  20   0.0   2  surrogat          43.6%      26.6%       oui
  20   0.0   2  insertion         40.6%      21.5%       oui
--------------------------------------------------------------------------------------------
  30   0.0   1  surrogat          78.6%      93.0%       NON
  30   0.0   1  insertion         78.6%      71.0%       oui
--------------------------------------------------------------------------------------------
  30   0.0   2  surrogat          22.8%      23.0%       NON
  30   0.0   2  insertion         23.7%      14.9%       oui
--------------------------------------------------------------------------------------------
  40   0.0   2  surrogat          87.3%      85.9%       oui

================================================================================
JOURNAL INCOMPLET -- le banc a ete interrompu par un delai de 5400 s
(code de sortie 124) avant la fin de sa seconde partie. Ce qui figure
ci-dessus est donc la PREMIERE partie seule : les six lignes du diagnostic
de monotonie. La seconde partie -- le cout a plafond fixe sur les 18 lignes
du lot d'echelle -- n'a pas ete jouee et reste NON VERIFIEE.

Ce marqueur est dans le fichier et non seulement dans un journal de
lancement : un journal partiel qui ne se declare pas partiel sera compare a
un tableau comme s'il etait complet.
================================================================================
