======================================================================================
VOLET METAHEURISTIQUE - plafond 300 appels entiers, 2 graines
======================================================================================
   n  corr  gr   A tent/succ   B tent/succ   C tent/succ  redem.   |A|  chaines 0/1/2+
--------------------------------------------------------------------------------------
  10  0.00   1          16/2          23/0          15/0       2    13         23/19/1
  10  0.00   2          36/1          43/2          23/0       2    24         24/41/0
  10  0.50   1          20/1          19/0          18/1       2     8         18/24/4
  10  0.50   2          51/2          53/2          34/0       2    20         15/36/2
  20  0.00   1          56/0          56/1          44/2       4    28        32/27/19
  20  0.00   2          42/1          52/1          29/0       2    38         5/40/24
  20  0.50   1          15/0          11/1          16/1       4     5         5/19/11
  20  0.50   2          28/1          45/0          14/0       2    23        10/28/15
  30  0.00   1          63/3          53/1          43/0       2    28         4/13/44
  30  0.00   2          55/2          67/3          37/0       2    61        20/30/21
  30  0.50   1          26/2          23/1          20/0       2    17        40/29/13
  30  0.50   2          45/3          55/3          23/0       2    36        25/35/15
--------------------------------------------------------------------------------------
  RENDEMENT PAR STRUCTURE DE VOISINAGE (tous lots confondus)
    A  epsilon partiel             18 succes /   453 tentatives   =   4.0 %
    B  plancher absolu             15 succes /   500 tentatives   =   3.0 %
    C  LNS / fix-and-optimize       4 succes /   316 tentatives   =   1.3 %
  PROFONDEUR DES CHAINES DE REPARATION sur 731 reparations :
    0 (deja efficace)    221  =  30.2 %
    1 pas                341  =  46.6 %
    2 pas ou plus        169  =  23.1 %

    Une profondeur 0 ne fournit AUCUN point domine, donc
    aucune coupe du Th. 4. C'est la mesure sur laquelle
    repose le diagnostic du verrou.
