====================================================================================================
PARTIE A - REGIME CIBLE, verite terrain disponible, 10 graines, budget 7 s + 5 s
====================================================================================================
instance                  |E|      ecart garanti median    optimalite prouvee   valide
                                     sans          avec      sans        avec
----------------------------------------------------------------------------------------------------
molfp_n7_m4_p4_c000_s3    218        0.0%          0.0%                             ok
molfp_n7_m4_p4_c025_s3    198       20.2%          0.6%                             ok
molfp_n6_m4_p4_c000_s3    185        0.0%          0.0%                             ok
molfp_n7_m4_p3_c025_s1    112        0.0%          0.0%                             ok
molfp_n5_m3_p4_c000_s2     54        6.8%          0.0%                             ok
molfp_n8_m5_p3_c000_s1     46        0.0%          0.0%                             ok
molfp_n7_m4_p4_c050_s3     30        0.0%          0.0%                             ok
molfp_n6_m4_p2_c025_s1     26        0.0%          0.0%                             ok
----------------------------------------------------------------------------------------------------
  sans  : ecart garanti median (sur les medianes) =   0.00 %   optimalite prouvee  57/80
  avec  : ecart garanti median (sur les medianes) =   0.00 %   optimalite prouvee  75/80
  VALIDITE q_lb <= q* <= q_ub : TOUT VALIDE

====================================================================================================
PARTIE B - PASSAGE A L'ECHELLE a corr = 0 (E epais), sans verite terrain, budget 18 s + 12 s
====================================================================================================
   n     max_S f   q_lb sans   q_ub sans    ecart   q_lb avec   q_ub avec    ecart  coherent
----------------------------------------------------------------------------------------------------
  20    268.0000      3.7317    223.6829    98.3%      3.7317    223.6829    98.3%        ok
  30     87.0000      2.4324     83.3919    97.1%      2.4324     83.3919    97.1%        ok
  40    105.5000      5.3200     71.8500    92.6%      5.3200     71.8500    92.6%        ok
----------------------------------------------------------------------------------------------------
  COHERENCE des encadrements : TOUT VALIDE
