==============================================================================================================
QUALITE DE SOLUTION A GRANDE TAILLE - plafond 700 appels au solveur ENTIER, comparaison APPARIEE
==============================================================================================================
   n  corr graine  reprod      q_lb A      q_lb B   gain %  neufs  |arch| A/B     ILP A/B  coherent
--------------------------------------------------------------------------------------------------------------
  20  0.00      0     oui      3.7317      3.7317    +0.0%     38    38/75      700/700          ok
  20  0.00      1     oui     13.6250     15.5000   +13.8%     38    66/98      700/700          ok
  20  0.00      2     oui      4.5517      4.7619    +4.6%     46    40/85      700/700          ok
  20  0.50      0     oui      2.1569      2.1569    +0.0%      0     5/5       233/233          ok
  20  0.50      1     oui     17.0000     17.0000    +0.0%      0    48/48      549/646          ok
  20  0.50      2     oui      5.8043      5.8043    +0.0%      0    18/18      495/495          ok
  30  0.00      0     oui      2.4324      2.4324    +0.0%     29    47/76      700/700          ok
  30  0.00      1     oui     24.8571     24.8571    +0.0%     36   102/129     700/700          ok
  30  0.00      2     oui      7.0000      7.3438    +4.9%     41    46/87      700/700          ok
  30  0.50      0     oui      3.0787      3.1613    +2.7%     81    13/89      700/700          ok
  30  0.50      1     oui     37.7500     37.7500    +0.0%     48    50/98      700/700          ok
  30  0.50      2     oui     26.6250     26.6250    +0.0%      0    58/57      518/493          ok
  40  0.00      0     oui      5.3200      5.3200    +0.0%     29    51/80      700/700          ok
  40  0.00      1     oui      4.2857      4.2857    +0.0%      9    48/57      700/700          ok
  40  0.00      2     oui     14.8500     14.8500    +0.0%      2    73/75      700/700          ok
  40  0.50      0     oui      4.3412      7.8421   +80.6%    108    28/121     700/700          ok
  40  0.50      1     oui      3.0196      3.2222    +6.7%     45    28/73      700/700          ok
  40  0.50      2     oui     60.5000     60.5000    +0.0%     55    48/102     700/700          ok
  50  0.00      0     oui      6.9697      6.9697    +0.0%      0    71/66      700/700          ok
  50  0.00      1     oui     15.2917     15.2917    +0.0%     27    70/97      700/700          ok
  50  0.00      2     oui     11.5938     11.5938    +0.0%     45    61/106     700/700          ok
  50  0.50      0     oui      6.7073      6.7073    +0.0%     22    57/78      700/700          ok
  50  0.50      1     oui     94.0000     94.0000    +0.0%     50    28/78      700/700          ok
  50  0.50      2     oui      3.4105      3.4105    +0.0%     39    41/79      700/700          ok
--------------------------------------------------------------------------------------------------------------
  REPRODUCTIBILITE : 24/24 lignes stables
  gain sur q_lb : median +0.00 %   moyen +4.72 %   max +80.6 %   min +0.0 %
  MIEUX 6   PIRE 0   EGAL 18   sur 24 paires exploitables
  COHERENCE des encadrements : TOUT VALIDE
