====================================================================================================
FORME UNIFIEE, ROUTE INTERROMPUE -- plafond 300, 3 graines
====================================================================================================

--- geom_iters = 1 (la route ne peut faire que 1 tour(s)) ---
   n  corr  gr   statut   q_ub Dmin   q_ub D_t+   gain %    ILP s/a
  20   0.0   1    limit    150.0638     17.8404   +88.11    289/290
  20   0.0   2    limit     20.8750     20.8750    +0.00    289/290
  20   0.0   3    limit     17.5641      9.4471   +46.21    289/290
  20   0.5   1     None      2.1569      2.1569    +0.00    143/143
  20   0.5   2     None     17.0000     17.0000    +0.00    214/214
  20   0.5   3     None      5.8043      5.8043    +0.00    249/249
  30   0.0   1    limit     63.8710     30.8244   +51.74    289/290
  30   0.0   2    limit     42.2500     42.2500    +0.00    289/290
  30   0.0   3    limit     11.9766     11.9766    +0.00    289/290
  30   0.5   1    limit      4.1774      3.2041   +23.30    289/290
  30   0.5   2    limit     43.7500     43.7500    +0.00    289/290
  30   0.5   3     None     26.6250     26.6250    +0.00    272/272
  40   0.0   1    limit    104.1250    104.1250    +0.00    289/290
  40   0.0   2    limit     50.0782     50.0782    +0.00    289/290
  40   0.0   3    limit     67.5000     67.5000    +0.00    289/290
HighsMipSolverData::transformNewIntegerFeasibleSolution tmpSolver.run();
HighsMipSolverData::transformNewIntegerFeasibleSolution tmpSolver.run();
  40   0.5   1     None      7.8421      7.8421    +0.00    197/197
  40   0.5   2    limit     17.4650      7.0643   +59.55    289/290
  40   0.5   3    limit     72.6667     72.6667    +0.00    289/290
  lignes 'limit' : 13/18   resserrement median +0.00 %  moyen +14.94 %  max +88.11 %
  mieux 5   pire 0   borne unifiee plus lache : 0 (doit valoir 0)

--- geom_iters = 2 (la route ne peut faire que 2 tour(s)) ---
   n  corr  gr   statut   q_ub Dmin   q_ub D_t+   gain %    ILP s/a
  20   0.0   1    limit     41.2143     16.4000   +60.21    290/291
  20   0.0   2  optimal     20.8750     20.8750    +0.00    290/290
  20   0.0   3    limit      8.6250      7.3125   +15.22    290/291
  20   0.5   1     None      2.1569      2.1569    +0.00    143/143
  20   0.5   2     None     17.0000     17.0000    +0.00    214/214
  20   0.5   3     None      5.8043      5.8043    +0.00    249/249
  30   0.0   1    limit     34.4231     21.1329   +38.61    290/291
  30   0.0   2  optimal     42.2500     42.2500    +0.00    290/290
  30   0.0   3    limit     10.8750     10.8750    +0.00    290/291
  30   0.5   1  optimal      3.2000      3.2000    +0.00    290/290
  30   0.5   2  optimal     43.7500     43.7500    +0.00    290/290
  30   0.5   3     None     26.6250     26.6250    +0.00    272/272
  40   0.0   1    limit    103.5000    103.5000    +0.00    290/291
  40   0.0   2    limit     32.0000     32.0000    +0.00    290/291
  40   0.0   3  optimal     67.5000     67.5000    +0.00    290/290
HighsMipSolverData::transformNewIntegerFeasibleSolution tmpSolver.run();
HighsMipSolverData::transformNewIntegerFeasibleSolution tmpSolver.run();
  40   0.5   1     None      7.8421      7.8421    +0.00    197/197
  40   0.5   2    limit      5.9238      5.3846    +9.10    290/291
  40   0.5   3  optimal     72.6667     72.6667    +0.00    290/290
  lignes 'limit' : 7/18   resserrement median +0.00 %  moyen +6.84 %  max +60.21 %
  mieux 4   pire 0   borne unifiee plus lache : 0 (doit valoir 0)

--- geom_iters = 3 (la route ne peut faire que 3 tour(s)) ---
   n  corr  gr   statut   q_ub Dmin   q_ub D_t+   gain %    ILP s/a
  20   0.0   1  optimal     16.4000     16.4000    +0.00    291/291
  20   0.0   2  optimal     20.8750     20.8750    +0.00    290/290
  20   0.0   3  optimal      7.3125      7.3125    +0.00    291/291
  20   0.5   1     None      2.1569      2.1569    +0.00    143/143
  20   0.5   2     None     17.0000     17.0000    +0.00    214/214
  20   0.5   3     None      5.8043      5.8043    +0.00    249/249
  30   0.0   1  optimal     20.5000     20.5000    +0.00    291/291
  30   0.0   2  optimal     42.2500     42.2500    +0.00    290/290
  30   0.0   3  optimal     10.8750     10.8750    +0.00    291/291
  30   0.5   1  optimal      3.2000      3.2000    +0.00    290/290
  30   0.5   2  optimal     43.7500     43.7500    +0.00    290/290
  30   0.5   3     None     26.6250     26.6250    +0.00    272/272
  40   0.0   1  optimal    103.5000    103.5000    +0.00    291/291
  40   0.0   2    limit     29.2727     29.2500    +0.08    291/292
  40   0.0   3  optimal     67.5000     67.5000    +0.00    290/290
HighsMipSolverData::transformNewIntegerFeasibleSolution tmpSolver.run();
HighsMipSolverData::transformNewIntegerFeasibleSolution tmpSolver.run();
  40   0.5   1     None      7.8421      7.8421    +0.00    197/197
  40   0.5   2  optimal      5.3846      5.3846    +0.00    291/291
  40   0.5   3  optimal     72.6667     72.6667    +0.00    290/290
  lignes 'limit' : 1/18   resserrement median +0.00 %  moyen +0.00 %  max +0.08 %
  mieux 1   pire 0   borne unifiee plus lache : 0 (doit valoir 0)
