==================================================================================================================
PASSAGE A L'ECHELLE - budget identique 30 s par methode, aucune enumeration
==================================================================================================================
instance                 n   m                 exact                    matheuristique         gagnant
                                    valeur    statut        q_lb        q_ubecart garanti    ILP                
------------------------------------------------------------------------------------------------------------------
molfp_n10_m6_p3_c000_s1  10   6     37.6667   optimal     37.6667     37.6667      0.0%    175  exact (prouve)
molfp_n10_m6_p3_c000_s2  10   6      4.7222   optimal      4.7222      4.7222      0.0%    272  exact (prouve)
molfp_n10_m6_p3_c050_s1  10   6     37.6667   optimal     37.6667     37.6667      0.0%    131  exact (prouve)
molfp_n10_m6_p3_c050_s2  10   6      4.6800   optimal      4.6800      4.6800      0.0%    252  exact (prouve)
molfp_n10_m6_p3_c090_s1  10   6      5.9474   optimal      5.9474      5.9474      0.0%     80  exact (prouve)
molfp_n10_m6_p3_c090_s2  10   6      3.0000   optimal      3.0000      3.0000      0.0%    209  exact (prouve)
molfp_n15_m8_p3_c000_s1  15   8     32.1667   optimal     32.1667     32.1667      0.0%    195  exact (prouve)
molfp_n15_m8_p3_c000_s2  15   8      3.7209     limit      4.1538     17.1923     75.8%    486  matheuristique
molfp_n15_m8_p3_c050_s1  15   8      6.8333     limit     12.6667     12.6667      0.0%    290  matheuristique
molfp_n15_m8_p3_c050_s2  15   8     13.2500   optimal     13.2500     13.2500      0.0%    403  exact (prouve)
molfp_n15_m8_p3_c090_s1  15   8      2.1765     limit      2.1765      2.1765      0.0%     54         egalite
molfp_n15_m8_p3_c090_s2  15   8      5.5667   optimal      5.5667      5.5667      0.0%     85  exact (prouve)
molfp_n20_m11_p3_c000_s1  20  11      2.3509     limit      3.7317     44.7220     91.7%    545  matheuristique
molfp_n20_m11_p3_c000_s2  20  11      7.5556     limit     15.5000     22.2500     30.3%    554  matheuristique
molfp_n20_m11_p3_c050_s1  20  11      1.9833     limit      2.1569      2.7484     21.5%    343  matheuristique
molfp_n20_m11_p3_c050_s2  20  11     13.7500     limit     17.0000     17.0000      0.0%    473  matheuristique
molfp_n20_m11_p3_c090_s1  20  11      2.1569     limit      2.1569      2.1569      0.0%     45         egalite
molfp_n20_m11_p3_c090_s2  20  11      9.8333     limit     11.9000     11.9000      0.0%     87  matheuristique
molfp_n25_m13_p3_c000_s1  25  13      3.5556     limit      5.7381     53.3810     89.3%    687  matheuristique
molfp_n25_m13_p3_c000_s2  25  13      9.8889     limit     27.6250     27.6250      0.0%    320  matheuristique
molfp_n25_m13_p3_c050_s1  25  13      3.8621     limit      4.5806      4.5806      0.0%    108  matheuristique
molfp_n25_m13_p3_c050_s2  25  13      6.4651     limit     10.9412     12.0458      9.2%    548  matheuristique
molfp_n25_m13_p3_c090_s1  25  13      3.8621     limit      3.8621      3.8621      0.0%    101         egalite
molfp_n25_m13_p3_c090_s2  25  13      9.8889     limit      9.8889      9.8889      0.0%     57         egalite
molfp_n30_m16_p3_c000_s1  30  16      1.0676     limit      2.2698     82.9484     97.3%    340  matheuristique
molfp_n30_m16_p3_c000_s2  30  16      9.6522     limit     15.5385     47.7308     67.4%    312  matheuristique
molfp_n30_m16_p3_c050_s1  30  16      3.0652     limit      3.0787      4.8037     35.9%    183  matheuristique
molfp_n30_m16_p3_c050_s2  30  16      4.7368     limit     37.7500     43.7500     13.7%    455  matheuristique
molfp_n30_m16_p3_c090_s1  30  16      3.1613     limit      3.1613      6.7429     53.1%    136         egalite
molfp_n30_m16_p3_c090_s2  30  16      4.4938     limit      4.4938      6.6226     32.1%    210         egalite
molfp_n40_m21_p3_c000_s1  40  21      1.5921     limit      5.3200     62.9100     91.5%    273  matheuristique
molfp_n40_m21_p3_c000_s2  40  21      2.9074     limit      3.7170     62.1348     94.0%    145  matheuristique
molfp_n40_m21_p3_c050_s1  40  21      1.8173     limit      2.6126     15.8182     83.5%    158  matheuristique
molfp_n40_m21_p3_c050_s2  40  21      2.4342     limit      3.0196      7.2212     58.2%    252  matheuristique
molfp_n40_m21_p3_c090_s1  40  21      4.1967     limit      4.1967      4.4040      4.7%    216         egalite
molfp_n40_m21_p3_c090_s2  40  21      3.1358     limit      4.2623      6.5042     34.5%    387  matheuristique
------------------------------------------------------------------------------------------------------------------
exact prouve l'optimalite   : 9/36 instances
matheuristique strictement meilleure : 20/36

ECART GARANTI MEDIAN  (lignes : n ; colonnes : corr)
    n        0.00        0.50        0.90      toutes
   10        0.0%        0.0%        0.0%        0.0%
   15       37.9%        0.0%        0.0%        0.0%
   20       61.0%       10.8%        0.0%       10.8%
   25       44.6%        4.6%        0.0%        0.0%
   30       82.4%       24.8%       42.6%       44.5%
   40       92.8%       70.8%       19.6%       70.8%

OPTIMALITE PROUVEE PAR LA METHODE EXACTE  (lignes : n ; colonnes : corr)
    n        0.00        0.50        0.90
   10       2/2          2/2          2/2   
   15       1/2          1/2          1/2   
   20       0/2          0/2          0/2   
   25       0/2          0/2          0/2   
   30       0/2          0/2          0/2   
   40       0/2          0/2          0/2   

Par niveau de corr, toutes tailles confondues :
  corr   exact prouve    ecart garanti median
  0.00       3/12                       71.6%
  0.50       3/12                        4.6%
  0.90       3/12                        0.0%
