================================================================================================================
SECONDE ROUTE (seuil avance sur le relache) - plafond 300 appels entiers, 3 graines, declencheur ACTIF
================================================================================================================
   n  corr  gr  reprod  ecart sans  ecart avec  gain pts   statut  tours  ILP 2e   coupes s/a     ILP s/a  coherent
----------------------------------------------------------------------------------------------------------------
  20  0.00   1     oui       97.8%       80.8%   +17.03  optimal      3       3    113/109     300/291          ok
  20  0.00   2     oui       40.6%       40.6%    +0.00non engagee      0       0    105/102     300/300          ok
  20  0.00   3     oui       72.0%       37.4%   +34.63  optimal      3       3     88/84      300/291          ok
  20  0.50   1     oui        0.0%        0.0%    +0.00     None      0       0     32/32      143/143          ok
  20  0.50   2     oui        0.0%        0.0%    +0.00non engagee      0       0     56/56      214/214          ok
  20  0.50   3     oui        0.0%        0.0%    +0.00non engagee      0       0     57/57      249/249          ok
  30  0.00   1     oui       93.1%       78.6%   +14.52  optimal      3       3     95/93      300/291          ok
  30  0.00   2     oui       23.7%       23.7%    +0.00non engagee      0       0    110/106     300/300          ok
  30  0.00   3     oui       38.0%       38.3%    -0.24non engagee      0       0    113/109     300/300          ok
  30  0.50   1     oui       16.1%       16.1%    +0.00non engagee      0       0     87/83      300/300          ok
  30  0.50   2     oui       13.7%       13.7%    +0.00non engagee      0       0     95/91      300/300          ok
  30  0.50   3     oui        0.0%        0.0%    +0.00     None      0       0     40/40      272/272          ok
  40  0.00   1     oui       96.6%       96.5%    +0.02  optimal      3       3    105/102     300/291          ok
  40  0.00   2     oui       92.6%       87.3%    +5.28  optimal      4       4     97/93      300/292          ok
  40  0.00   3     oui       61.0%       60.3%    +0.67  optimal      2       2    105/102     300/290          ok
HighsMipSolverData::transformNewIntegerFeasibleSolution tmpSolver.run();
HighsMipSolverData::transformNewIntegerFeasibleSolution tmpSolver.run();
HighsMipSolverData::transformNewIntegerFeasibleSolution tmpSolver.run();
HighsMipSolverData::transformNewIntegerFeasibleSolution tmpSolver.run();
  40  0.50   1     oui        0.0%        0.0%    +0.00non engagee      0       0     56/56      197/197          ok
  40  0.50   2     oui       82.7%       43.9%   +38.77  optimal      3       3     90/87      300/291          ok
  40  0.50   3     oui       16.6%       16.7%    -0.19non engagee      0       0     92/89      300/300          ok
----------------------------------------------------------------------------------------------------------------
  REPRODUCTIBILITE : 18/18 lignes stables
  points d'ecart garanti gagnes : median +0.00   moyen +6.14   max +38.77   min -0.24
  MIEUX 7   PIRE 2   EGAL 9
  SECONDE ROUTE CONVERGEE (max_R f atteint) : 7/18
  COHERENCE des encadrements : TOUT VALIDE

  Lecture du cout. La seconde route se paie sur le MEME plafond
  d'appels entiers : la colonne « coupes » montre ce que la boucle
  de coupes a du ceder pour la financer. Un gain positif signifie
  donc qu'un seuil avance vaut mieux que les coupes abandonnees.
