================================================================================================
FORME UNIFIEE : D_t+ au seuil retenu, contre Dmin. plafond 300, 3 graines
================================================================================================
   n  corr  gr   statut   q_ub Dmin   q_ub D_t+   gain %    ILP s/a
------------------------------------------------------------------------------------------------
  20   0.0   1  optimal     16.4000     16.4000    +0.00    291/291
  20   0.0   2  optimal     20.8750     20.8750    +0.00    290/290
  20   0.0   3  optimal      7.3125      7.3125    +0.00    291/291
  20   0.5   1     None      2.1569      2.1569    +0.00    143/143
  20   0.5   2     None     17.0000     17.0000    +0.00    214/214
  20   0.5   3     None      5.8043      5.8043    +0.00    249/249
  30   0.0   1  optimal     20.5000     20.5000    +0.00    291/291
  30   0.0   2  optimal     42.2500     42.2500    +0.00    290/290
  30   0.0   3  optimal     10.8750     10.8750    +0.00    291/291
  30   0.5   1  optimal      3.2000      3.2000    +0.00    290/290
  30   0.5   2  optimal     43.7500     43.7500    +0.00    290/290
  30   0.5   3     None     26.6250     26.6250    +0.00    272/272
  40   0.0   1  optimal    103.5000    103.5000    +0.00    291/291
  40   0.0   2  optimal     29.2500     29.2500    +0.00    292/292
  40   0.0   3  optimal     67.5000     67.5000    +0.00    290/290
HighsMipSolverData::transformNewIntegerFeasibleSolution tmpSolver.run();
HighsMipSolverData::transformNewIntegerFeasibleSolution tmpSolver.run();
  40   0.5   1     None      7.8421      7.8421    +0.00    197/197
  40   0.5   2  optimal      5.3846      5.3846    +0.00    291/291
  40   0.5   3  optimal     72.6667     72.6667    +0.00    290/290
------------------------------------------------------------------------------------------------
  resserrement : median +0.00 %  moyen +0.00 %  max +0.00 %
  mieux 0   egal 18   pire 0
  BORNE UNIFIEE PLUS LACHE QUE L'ANCIENNE : 0 fois (doit valoir 0 -- elle la domine par construction)
