===============================================================================
MOUVEMENT C : REPARER OU RETIRER - plafond 300, 3 graines
===============================================================================
   n  corr  gr  ecart libre  ecart ancre   ecart sans     q_lb libre/ancre/sans
-------------------------------------------------------------------------------
  10  0.00   1         0.0%         0.0%         0.0%  37.667 / 37.667 / 37.667
  10  0.00   2         0.0%         0.0%         0.0%  4.722 / 4.722 / 4.722
  10  0.00   3         0.0%         0.0%         0.0%  5.846 / 5.846 / 5.846
  10  0.50   1         0.0%         0.0%         0.0%  37.667 / 37.667 / 37.667
  10  0.50   2         0.0%         0.0%         0.0%  4.680 / 4.680 / 4.680
  10  0.50   3         0.0%         0.0%         0.0%  4.156 / 4.156 / 4.156
  20  0.00   1        80.8%        74.5%        72.4%  3.149 / 3.020 / 3.021
  20  0.00   2        40.6%        44.3%        58.4%  12.400 / 12.400 / 8.688
  20  0.00   3        37.4%        46.7%        31.1%  4.577 / 4.352 / 4.352
  20  0.50   1         0.0%         0.0%         0.0%  2.157 / 2.157 / 2.157
  20  0.50   2         0.0%         0.0%         0.0%  17.000 / 17.000 / 17.000
  20  0.50   3         0.0%         0.0%         0.0%  5.804 / 5.804 / 5.804
  30  0.00   1        78.6%        89.8%        75.2%  4.387 / 2.265 / 3.519
  30  0.00   2        23.7%        65.6%        45.6%  32.250 / 15.235 / 23.000
  30  0.00   3        32.5%        37.4%         9.0%  7.344 / 6.706 / 7.176
  30  0.50   1         1.2%         0.0%         4.4%  3.161 / 3.161 / 3.079
  30  0.50   2        13.7%         0.0%         0.0%  37.750 / 37.750 / 37.750
  30  0.50   3         0.0%         0.0%         0.0%  26.625 / 26.625 / 26.625
-------------------------------------------------------------------------------
  libre  ecart median    0.0%   moyen   17.1%   contre `libre` : mieux 0  pire 0  egal 18   rendement C 8/485
  ancre  ecart median    0.0%   moyen   19.9%   contre `libre` : mieux 3  pire 5  egal 10   rendement C 5/522
  sans   ecart median    0.0%   moyen   16.4%   contre `libre` : mieux 5  pire 3  egal 10   C retire

  Lecture. `sans` meilleur => le mouvement ne merite pas sa place.
  `ancre` meilleur => le defaut etait sa conception, non son
  principe. Aucun des deux => il est neutre, et son cout est du
  gaspillage qu'il faut nommer.
