============================================================================================================
SENSIBILITE AUX REGLAGES -- un facteur a la fois, plafond DETERMINISTE d'appels au solveur entier
  STRATE A  regime cible, n de 5 a 8, plafond 80, 8 instances x 3 graines -> on lit les PREUVES
  STRATE B  n = 20, plafond 300, 4 instances x 2 graines -> on lit l'ECART garanti
============================================================================================================
HighsMipSolverData::transformNewIntegerFeasibleSolution tmpSolver.run();
HighsMipSolverData::transformNewIntegerFeasibleSolution tmpSolver.run();
HighsMipSolverData::transformNewIntegerFeasibleSolution tmpSolver.run();
HighsMipSolverData::transformNewIntegerFeasibleSolution tmpSolver.run();

PRODUCTION   A : preuves 13/24   ecart med   0.00 %      B : ecart med  12.14 %   preuves 4/8

facteur                                       valeur  A preuves  A ecart  B ecart  B delta  B mieux/pire
------------------------------------------------------------------------------------------------------------
HighsMipSolverData::transformNewIntegerFeasibleSolution tmpSolver.run();
HighsMipSolverData::transformNewIntegerFeasibleSolution tmpSolver.run();
HighsMipSolverData::transformNewIntegerFeasibleSolution tmpSolver.run();
HighsMipSolverData::transformNewIntegerFeasibleSolution tmpSolver.run();
bases d'elite      k_elite                         2   14/24        0.00     8.11    -4.03           1/3
HighsMipSolverData::transformNewIntegerFeasibleSolution tmpSolver.run();
HighsMipSolverData::transformNewIntegerFeasibleSolution tmpSolver.run();
HighsMipSolverData::transformNewIntegerFeasibleSolution tmpSolver.run();
HighsMipSolverData::transformNewIntegerFeasibleSolution tmpSolver.run();
                                                   4   13/24        0.00    12.99    +0.85           0/3
                                                   8   13/24        0.00    12.14    +0.00           0/0  <- production
HighsMipSolverData::transformNewIntegerFeasibleSolution tmpSolver.run();
HighsMipSolverData::transformNewIntegerFeasibleSolution tmpSolver.run();
HighsMipSolverData::transformNewIntegerFeasibleSolution tmpSolver.run();
HighsMipSolverData::transformNewIntegerFeasibleSolution tmpSolver.run();
                                                  16   13/24        0.00    12.93    +0.79           1/2
HighsMipSolverData::transformNewIntegerFeasibleSolution tmpSolver.run();
HighsMipSolverData::transformNewIntegerFeasibleSolution tmpSolver.run();
HighsMipSolverData::transformNewIntegerFeasibleSolution tmpSolver.run();
HighsMipSolverData::transformNewIntegerFeasibleSolution tmpSolver.run();
                                                  32   13/24        0.00    12.93    +0.79           1/3
------------------------------------------------------------------------------------------------------------
HighsMipSolverData::transformNewIntegerFeasibleSolution tmpSolver.run();
HighsMipSolverData::transformNewIntegerFeasibleSolution tmpSolver.run();
HighsMipSolverData::transformNewIntegerFeasibleSolution tmpSolver.run();
HighsMipSolverData::transformNewIntegerFeasibleSolution tmpSolver.run();
bases au hasard    k_rand                          0   13/24        0.00    12.93    +0.79           1/3
HighsMipSolverData::transformNewIntegerFeasibleSolution tmpSolver.run();
HighsMipSolverData::transformNewIntegerFeasibleSolution tmpSolver.run();
HighsMipSolverData::transformNewIntegerFeasibleSolution tmpSolver.run();
HighsMipSolverData::transformNewIntegerFeasibleSolution tmpSolver.run();
                                                   2   13/24        0.00    12.67    +0.53           1/3
                                                   4   13/24        0.00    12.14    +0.00           0/0  <- production
HighsMipSolverData::transformNewIntegerFeasibleSolution tmpSolver.run();
HighsMipSolverData::transformNewIntegerFeasibleSolution tmpSolver.run();
HighsMipSolverData::transformNewIntegerFeasibleSolution tmpSolver.run();
HighsMipSolverData::transformNewIntegerFeasibleSolution tmpSolver.run();
                                                   8   13/24        0.00    15.07    +2.93           0/4
HighsMipSolverData::transformNewIntegerFeasibleSolution tmpSolver.run();
HighsMipSolverData::transformNewIntegerFeasibleSolution tmpSolver.run();
HighsMipSolverData::transformNewIntegerFeasibleSolution tmpSolver.run();
HighsMipSolverData::transformNewIntegerFeasibleSolution tmpSolver.run();
                                                  16   13/24        0.00    10.76    -1.38           2/2
------------------------------------------------------------------------------------------------------------
HighsMipSolverData::transformNewIntegerFeasibleSolution tmpSolver.run();
HighsMipSolverData::transformNewIntegerFeasibleSolution tmpSolver.run();
menu normal                          ('A', 'B', 'C')   14/24        0.00    11.25    -0.89           1/2
                                ('A', 'A', 'B', 'C')   13/24        0.00    12.14    +0.00           0/0  <- production
HighsMipSolverData::transformNewIntegerFeasibleSolution tmpSolver.run();
HighsMipSolverData::transformNewIntegerFeasibleSolution tmpSolver.run();
HighsMipSolverData::transformNewIntegerFeasibleSolution tmpSolver.run();
HighsMipSolverData::transformNewIntegerFeasibleSolution tmpSolver.run();
                              ('A', 'A', 'A', 'B', 'C')   14/24        0.00    11.25    -0.89           1/2
                                ('A', 'B', 'B', 'C')   14/24        0.00    10.51    -1.63           1/2
HighsMipSolverData::transformNewIntegerFeasibleSolution tmpSolver.run();
HighsMipSolverData::transformNewIntegerFeasibleSolution tmpSolver.run();
                              ('A', 'A', 'B', 'C', 'C')   17/24        0.00    14.82    +2.69           0/3
------------------------------------------------------------------------------------------------------------
HighsMipSolverData::transformNewIntegerFeasibleSolution tmpSolver.run();
HighsMipSolverData::transformNewIntegerFeasibleSolution tmpSolver.run();
HighsMipSolverData::transformNewIntegerFeasibleSolution tmpSolver.run();
HighsMipSolverData::transformNewIntegerFeasibleSolution tmpSolver.run();
menu diversification                 ('A', 'B', 'C')   13/24        0.00    11.85    -0.29           1/2
                                ('B', 'B', 'C', 'A')   13/24        0.00    12.14    +0.00           0/0  <- production
HighsMipSolverData::transformNewIntegerFeasibleSolution tmpSolver.run();
HighsMipSolverData::transformNewIntegerFeasibleSolution tmpSolver.run();
HighsMipSolverData::transformNewIntegerFeasibleSolution tmpSolver.run();
HighsMipSolverData::transformNewIntegerFeasibleSolution tmpSolver.run();
                                          ('B', 'C')   13/24        0.00     5.07    -7.06           1/2
HighsMipSolverData::transformNewIntegerFeasibleSolution tmpSolver.run();
HighsMipSolverData::transformNewIntegerFeasibleSolution tmpSolver.run();
HighsMipSolverData::transformNewIntegerFeasibleSolution tmpSolver.run();
HighsMipSolverData::transformNewIntegerFeasibleSolution tmpSolver.run();
                              ('B', 'B', 'B', 'C', 'A')   13/24        0.00    12.99    +0.85           0/3
------------------------------------------------------------------------------------------------------------
HighsMipSolverData::transformNewIntegerFeasibleSolution tmpSolver.run();
HighsMipSolverData::transformNewIntegerFeasibleSolution tmpSolver.run();
HighsMipSolverData::transformNewIntegerFeasibleSolution tmpSolver.run();
HighsMipSolverData::transformNewIntegerFeasibleSolution tmpSolver.run();
HighsMipSolverData::transformNewIntegerFeasibleSolution tmpSolver.run();
HighsMipSolverData::transformNewIntegerFeasibleSolution tmpSolver.run();
fraction LNS       lns_frac               (0.2, 0.4)   17/24        0.00     3.73    -8.41           1/3
HighsMipSolverData::transformNewIntegerFeasibleSolution tmpSolver.run();
HighsMipSolverData::transformNewIntegerFeasibleSolution tmpSolver.run();
HighsMipSolverData::transformNewIntegerFeasibleSolution tmpSolver.run();
HighsMipSolverData::transformNewIntegerFeasibleSolution tmpSolver.run();
                                          (0.3, 0.5)   14/24        0.00     6.64    -5.49           1/3
                                          (0.4, 0.6)   13/24        0.00    12.14    +0.00           0/0  <- production
HighsMipSolverData::transformNewIntegerFeasibleSolution tmpSolver.run();
HighsMipSolverData::transformNewIntegerFeasibleSolution tmpSolver.run();
HighsMipSolverData::transformNewIntegerFeasibleSolution tmpSolver.run();
HighsMipSolverData::transformNewIntegerFeasibleSolution tmpSolver.run();
                                          (0.5, 0.7)   16/24        0.00    11.25    -0.89           1/3
HighsMipSolverData::transformNewIntegerFeasibleSolution tmpSolver.run();
HighsMipSolverData::transformNewIntegerFeasibleSolution tmpSolver.run();
HighsMipSolverData::transformNewIntegerFeasibleSolution tmpSolver.run();
HighsMipSolverData::transformNewIntegerFeasibleSolution tmpSolver.run();
                                          (0.6, 0.8)   15/24        0.00    11.85    -0.29           1/3
HighsMipSolverData::transformNewIntegerFeasibleSolution tmpSolver.run();
HighsMipSolverData::transformNewIntegerFeasibleSolution tmpSolver.run();
HighsMipSolverData::transformNewIntegerFeasibleSolution tmpSolver.run();
HighsMipSolverData::transformNewIntegerFeasibleSolution tmpSolver.run();
                                          (0.4, 0.4)   13/24        0.00     0.40   -11.74           1/2
------------------------------------------------------------------------------------------------------------
HighsMipSolverData::transformNewIntegerFeasibleSolution tmpSolver.run();
HighsMipSolverData::transformNewIntegerFeasibleSolution tmpSolver.run();
HighsMipSolverData::transformNewIntegerFeasibleSolution tmpSolver.run();
HighsMipSolverData::transformNewIntegerFeasibleSolution tmpSolver.run();
garde epsilon      keep_prob              (0.4, 0.2)   12/24        1.48     8.94    -3.20           1/2
                                          (0.6, 0.4)   13/24        0.00    12.14    +0.00           0/0  <- production
HighsMipSolverData::transformNewIntegerFeasibleSolution tmpSolver.run();
HighsMipSolverData::transformNewIntegerFeasibleSolution tmpSolver.run();
HighsMipSolverData::transformNewIntegerFeasibleSolution tmpSolver.run();
HighsMipSolverData::transformNewIntegerFeasibleSolution tmpSolver.run();
                                          (0.8, 0.6)   15/24        0.00    12.14    +0.00           1/3
HighsMipSolverData::transformNewIntegerFeasibleSolution tmpSolver.run();
HighsMipSolverData::transformNewIntegerFeasibleSolution tmpSolver.run();
HighsMipSolverData::transformNewIntegerFeasibleSolution tmpSolver.run();
HighsMipSolverData::transformNewIntegerFeasibleSolution tmpSolver.run();
                                          (0.6, 0.6)   13/24        0.00    12.99    +0.85           1/2
------------------------------------------------------------------------------------------------------------
HighsMipSolverData::transformNewIntegerFeasibleSolution tmpSolver.run();
HighsMipSolverData::transformNewIntegerFeasibleSolution tmpSolver.run();
HighsMipSolverData::transformNewIntegerFeasibleSolution tmpSolver.run();
HighsMipSolverData::transformNewIntegerFeasibleSolution tmpSolver.run();
stagnation         max_stall                       1   13/24        0.00     0.00   -12.14           1/2
HighsMipSolverData::transformNewIntegerFeasibleSolution tmpSolver.run();
HighsMipSolverData::transformNewIntegerFeasibleSolution tmpSolver.run();
HighsMipSolverData::transformNewIntegerFeasibleSolution tmpSolver.run();
HighsMipSolverData::transformNewIntegerFeasibleSolution tmpSolver.run();
                                                   2   13/24        0.00    12.14    +0.00           0/1
                                                   3   13/24        0.00    12.14    +0.00           0/0  <- production
HighsMipSolverData::transformNewIntegerFeasibleSolution tmpSolver.run();
HighsMipSolverData::transformNewIntegerFeasibleSolution tmpSolver.run();
HighsMipSolverData::transformNewIntegerFeasibleSolution tmpSolver.run();
HighsMipSolverData::transformNewIntegerFeasibleSolution tmpSolver.run();
                                                   5   13/24        0.00    12.14    +0.00           0/0
HighsMipSolverData::transformNewIntegerFeasibleSolution tmpSolver.run();
HighsMipSolverData::transformNewIntegerFeasibleSolution tmpSolver.run();
HighsMipSolverData::transformNewIntegerFeasibleSolution tmpSolver.run();
HighsMipSolverData::transformNewIntegerFeasibleSolution tmpSolver.run();
                                                   8   13/24        0.00    12.14    +0.00           0/0
------------------------------------------------------------------------------------------------------------
HighsMipSolverData::transformNewIntegerFeasibleSolution tmpSolver.run();
HighsMipSolverData::transformNewIntegerFeasibleSolution tmpSolver.run();
HighsMipSolverData::transformNewIntegerFeasibleSolution tmpSolver.run();
HighsMipSolverData::transformNewIntegerFeasibleSolution tmpSolver.run();
lot de coupes      cut_batch                      10   11/24        0.82    25.91   +13.77           0/4
HighsMipSolverData::transformNewIntegerFeasibleSolution tmpSolver.run();
HighsMipSolverData::transformNewIntegerFeasibleSolution tmpSolver.run();
HighsMipSolverData::transformNewIntegerFeasibleSolution tmpSolver.run();
HighsMipSolverData::transformNewIntegerFeasibleSolution tmpSolver.run();
                                                  20   13/24        0.00    18.61    +6.47           0/4
                                                  40   13/24        0.00    12.14    +0.00           0/0  <- production
HighsMipSolverData::transformNewIntegerFeasibleSolution tmpSolver.run();
HighsMipSolverData::transformNewIntegerFeasibleSolution tmpSolver.run();
HighsMipSolverData::transformNewIntegerFeasibleSolution tmpSolver.run();
HighsMipSolverData::transformNewIntegerFeasibleSolution tmpSolver.run();
                                                  80   13/24        0.00    10.94    -1.19           4/0
HighsMipSolverData::transformNewIntegerFeasibleSolution tmpSolver.run();
HighsMipSolverData::transformNewIntegerFeasibleSolution tmpSolver.run();
HighsMipSolverData::transformNewIntegerFeasibleSolution tmpSolver.run();
HighsMipSolverData::transformNewIntegerFeasibleSolution tmpSolver.run();
                                                 160   13/24        0.00    10.94    -1.19           4/0
------------------------------------------------------------------------------------------------------------
HighsMipSolverData::transformNewIntegerFeasibleSolution tmpSolver.run();
HighsMipSolverData::transformNewIntegerFeasibleSolution tmpSolver.run();
HighsMipSolverData::transformNewIntegerFeasibleSolution tmpSolver.run();
HighsMipSolverData::transformNewIntegerFeasibleSolution tmpSolver.run();
tours de cert.     cert_rounds                     1   13/24        0.00    16.49    +4.35           0/4
                                                   2   13/24        0.00    12.14    +0.00           0/0  <- production
HighsMipSolverData::transformNewIntegerFeasibleSolution tmpSolver.run();
HighsMipSolverData::transformNewIntegerFeasibleSolution tmpSolver.run();
HighsMipSolverData::transformNewIntegerFeasibleSolution tmpSolver.run();
HighsMipSolverData::transformNewIntegerFeasibleSolution tmpSolver.run();
                                                   4   13/24        0.00    10.94    -1.19           4/0
HighsMipSolverData::transformNewIntegerFeasibleSolution tmpSolver.run();
HighsMipSolverData::transformNewIntegerFeasibleSolution tmpSolver.run();
HighsMipSolverData::transformNewIntegerFeasibleSolution tmpSolver.run();
HighsMipSolverData::transformNewIntegerFeasibleSolution tmpSolver.run();
                                                   6   13/24        0.00    10.94    -1.19           4/0
------------------------------------------------------------------------------------------------------------

AMPLITUDE DE L'EFFET, par facteur : preuves gagnees ou perdues sur la strate A,
points d'ecart entre la meilleure et la pire valeur sur la strate B.

    facteur                             A (preuves)   B (points)
    lot de coupes      cut_batch                  2        14.96
    fraction LNS       lns_frac                   4        11.74
    stagnation         max_stall                  0        12.14
    menu normal                                   4         4.31
    menu diversification                          0         7.91
    garde epsilon      keep_prob                  3         4.04
    bases d'elite      k_elite                    1         4.88
    tours de cert.     cert_rounds                0         5.54
    bases au hasard    k_rand                     0         4.31

Un facteur d'amplitude nulle sur les DEUX strates ne pilote rien
dans les regimes mesures : sa valeur n'a pas besoin d'etre
justifiee, elle a besoin d'etre DITE -- ce que le memoire ne
faisait pas. Un facteur d'amplitude non nulle demande, lui, une
justification ou un reglage.
