====================================================================================
VALIDATION CROISEE - Th. 2 contre le test d'Ecker & Kouada (1975)
sur des instances a criteres LINEAIRES, classe de Drici et al. (2018)
====================================================================================
instance                  |S|   |E|  testes  theta identique  verdicts  vs verite
------------------------------------------------------------------------------------
lin_n4_m3_p2_s1           159     8      48              oui        ok         ok
lin_n5_m3_p3_s1           495    16      56              oui        ok         ok
lin_n5_m4_p2_s2           445     5      45              oui        ok         ok
lin_n6_m4_p3_s1          1436     5      45              oui        ok         ok
lin_n6_m4_p2_s3          2121     3      43              oui        ok         ok
lin_n7_m4_p3_s2         10849     7      47              oui        ok         ok
------------------------------------------------------------------------------------
RESULTAT : TOUT VALIDE

====================================================================================
EXEMPLE PUBLIE - Zerdani & Moulai (2011), section 5
====================================================================================
|S| = 6
  E publie   : [(0, 0), (1, 0), (2, 0), (3, 0), (4, 1)]
  E calcule  : [(0, 0), (1, 0), (2, 0), (3, 0), (4, 1)]
  -> identique : OUI
  x_opt publie (3, 0), calcule (3, 0)   -> OUI
  phi_opt publie 6, calcule 6   -> OUI
  notre hybride solve_P : statut optimal, valeur 6, 10 ILP   -> OUI

VALIDATION EXTERNE : CONFORME AU PUBLIE
Cette instance viole (A1) et (A2) -- coefficients negatifs dans A
et dans un denominateur -- mais non l'hypothese reellement
necessaire aux theoremes, D_k(x) > 0 sur le domaine, verifiee ici
par `check_assumptions(strict=False)`.

Lecture. Sur criteres lineaires, notre theta ne se contente pas de
rendre le meme VERDICT que le test d'Ecker & Kouada : il en rend la
meme VALEUR entiere. Le theoreme 2 est donc la generalisation
stricte de ce test aux criteres fractionnaires, ou Ecker & Kouada ne
s'applique plus.

====================================================================================
EXEMPLE PUBLIE 2 - Drici, Ouail & Moulai (2018), section 5
criteres LINEAIRES, utilite FRACTIONNAIRE : l'autre generalisation
====================================================================================
  |S| = 14   |E| = 7
  les deux optima publies (2,3,0,0) et (1,1,1,0) sont efficaces chez nous : True
  f en ces points : (1, 1, 1, 0) -> -5  (2, 3, 0, 0) -> -5
  optimum par enumeration : -5   conforme au publie (-5) : True
  notre methode : -5   prouve : True   conforme : True   (101 PLNE)

VALIDATION EXTERNE 2 : CONFORME AU PUBLIE
Cette instance a servi a decouvrir un bogue de l'ENUMERATEUR, qui
elaguait comme si A >= 0 et retirait donc des points realisables
des que A comportait un coefficient negatif -- dont (2,3,0,0),
l'un des deux optima publies. La reference elle-meme etait fausse,
precisement sur les instances de la litterature. Corrige.
