================================================================================================
PARTIE A - VALIDATION CONTRE LA VERITE TERRAIN
================================================================================================
instance                     |E|   V8   V9  V10  exact  ecart reel  ecart garanti   couv%
------------------------------------------------------------------------------------------------
molfp_n7_m4_p4_c000_s3       218   ok   ok   ok    non      48.96 %        52.30 %    18.3
molfp_n7_m4_p4_c025_s3       198   ok   ok   ok    oui       0.00 %        31.67 %     6.1
molfp_n6_m4_p4_c000_s3       185   ok   ok   ok    non      17.12 %        35.70 %     5.4
molfp_n7_m4_p3_c025_s1       112   ok   ok   ok    oui       0.00 %         0.00 %    17.9
molfp_n5_m3_p4_c000_s2        54   ok   ok   ok    oui       0.00 %         9.68 %    20.4
molfp_n8_m5_p3_c000_s1        46   ok   ok   ok    oui       0.00 %         0.00 %    30.4
molfp_n7_m4_p4_c050_s3        30   ok   ok   ok    oui       0.00 %         0.00 %    26.7
molfp_n6_m4_p2_c025_s1        26   ok   ok   ok    oui       0.00 %         0.00 %    38.5
------------------------------------------------------------------------------------------------
V8/V9/V10 : TOUT VALIDE   |   optimum atteint : 6/8

================================================================================================
PARTIE B - MATHEURISTIQUE vs EXACT A BUDGET EGAL (regime |E| gros)
================================================================================================
instance                     |E|  q* (verite)               exact        matheuristique
                                                  valeur   statut     valeurecart garanti
------------------------------------------------------------------------------------------------
molfp_n7_m4_p4_c000_s3       218      8.87500    1.73684    limit    4.52941    52.30 %  <- sous-optimal
molfp_n7_m4_p4_c025_s3       198      4.73333    3.92308    limit    4.73333    33.40 %
molfp_n6_m4_p4_c000_s3       185      5.41667    5.41667  optimal    4.48936    35.70 %  <- sous-optimal
molfp_n7_m4_p3_c025_s1       112      4.75000    3.96296    limit    4.75000     0.00 %
molfp_n5_m3_p4_c000_s2        54      3.30612    3.18519    limit    3.30612    10.99 %
molfp_n8_m5_p3_c000_s1        46      3.17391    2.84000    limit    3.17391     0.00 %
molfp_n7_m4_p4_c050_s3        30      4.73333    2.27586    limit    4.73333     0.75 %
molfp_n6_m4_p2_c025_s1        26      2.38462    1.94444    limit    2.38462     0.00 %
------------------------------------------------------------------------------------------------
Lecture : le statut 'limit' de la colonne exacte signale une valeur
NON prouvee ; la matheuristique, elle, annonce toujours un ecart.
